2026-08-05 15:16:18,195 - INFO - Starting cost analysis
2026-08-05 15:16:18,196 - INFO - Encodings: ['goldman', 'church', 'gcplus', 'hedges', 'max_density', 'no_homopolymer', 'wukong', 'yinyang']
2026-08-05 15:16:18,196 - INFO - Test data size: 440 bits
2026-08-05 15:16:18,196 - INFO - --- First pass: baseline costs ---
2026-08-05 15:16:19,429 - INFO - Binary data written to temporary file: C:\Users\kaya\AppData\Local\Temp\tmpyy_8knd0.bin
2026-08-05 15:16:19,437 - INFO - Encoding completed. Result file: C:\Users\kaya\AppData\Local\Temp\tmp5ai6_vp0/tmpyy_8knd0_goldman.fasta
2026-08-05 15:16:19,439 - INFO - Temporary file deleted: C:\Users\kaya\AppData\Local\Temp\tmpyy_8knd0.bin
2026-08-05 15:16:19,440 - INFO - [OK] goldman: strands=3, avg_length=198.0, total_dna=594
2026-08-05 15:16:19,448 - INFO - Binary data written to temporary file: C:\Users\kaya\AppData\Local\Temp\tmphrrr5fy1.bin
2026-08-05 15:16:19,454 - INFO - Encoding completed. Result file: C:\Users\kaya\AppData\Local\Temp\tmpvl6_qvxx/tmphrrr5fy1_church.fasta
2026-08-05 15:16:19,455 - INFO - Temporary file deleted: C:\Users\kaya\AppData\Local\Temp\tmphrrr5fy1.bin
2026-08-05 15:16:19,456 - INFO - [OK] church: strands=4, avg_length=200.0, total_dna=800
2026-08-05 15:16:19,464 - ERROR - GC+ encode error: The length of the binary message must be divisible by the block length [0, 0, 1, 1, 0, 0, 0, 1, 0, 0].
2026-08-05 15:16:19,466 - ERROR - Traceback (most recent call last):
  File "C:\git\DNABYteneu\DNAbyte\dnabyte\encoding\gcplus\encode.py", line 103, in encode
    x, n, N, K, q, U, X, check_par = GCP_Encode_DNA_brute(
                                     ~~~~~~~~~~~~~~~~~~~~^
        chunk, l, c1, codebook
        ^^^^^^^^^^^^^^^^^^^^^^
    )
    ^
  File "C:\git\DNABYteneu\DNAbyte\dnabyte\encoding\gcplus\src\GCPdna\GCP_Encode_DNA.py", line 34, in GCP_Encode_DNA_brute
    U = binary_to_decimal_blocks(u, l)
  File "C:\git\DNABYteneu\DNAbyte\dnabyte\encoding\gcplus\src\GCPdna\GCP_Encode_DNA.py", line 12, in binary_to_decimal_blocks
    raise ValueError(f"The length of the binary message must be divisible by the block length {binary_message}.")
ValueError: The length of the binary message must be divisible by the block length [0, 0, 1, 1, 0, 0, 0, 1, 0, 0].

2026-08-05 15:16:19,467 - ERROR - [SKIP] gcplus: Encoded data must be a list, got NoneType
2026-08-05 15:16:19,470 - ERROR - Traceback (most recent call last):
  File "C:\git\DNABYteneu\DNAbyte\simulations\cost_comparison.py", line 279, in run_cost_analysis
    metrics = self._encode_and_measure(enc, test_data, params)
  File "C:\git\DNABYteneu\DNAbyte\simulations\cost_comparison.py", line 369, in _encode_and_measure
    dna_codewords, info = encoder.encode(binary_code)
                          ~~~~~~~~~~~~~~^^^^^^^^^^^^^
  File "C:\git\DNABYteneu\DNAbyte\dnabyte\encode.py", line 52, in encode
    obj = NucleobaseCode(encoded_data)
  File "C:\git\DNABYteneu\DNAbyte\dnabyte\data_classes\nucleobasecode.py", line 43, in __init__
    self._validate_data(data)
    ~~~~~~~~~~~~~~~~~~~^^^^^^
  File "C:\git\DNABYteneu\DNAbyte\dnabyte\data_classes\nucleobasecode.py", line 60, in _validate_data
    raise TypeError(
        f"Encoded data must be a list, got {type(data).__name__}"
    )
TypeError: Encoded data must be a list, got NoneType

2026-08-05 15:16:19,517 - INFO - [OK] hedges: strands=255, avg_length=200.0, total_dna=51000
2026-08-05 15:16:19,542 - INFO - [OK] max_density: strands=2, avg_length=200.0, total_dna=400
2026-08-05 15:16:19,551 - INFO - [OK] no_homopolymer: strands=3, avg_length=200.0, total_dna=600
2026-08-05 15:16:19,559 - INFO - Binary data written to temporary file: C:\Users\kaya\AppData\Local\Temp\tmp_5zq0zab.bin
2026-08-05 15:16:19,574 - INFO - Encoding completed. Result file: C:\Users\kaya\AppData\Local\Temp\tmpsfedpjrd/tmp_5zq0zab_wukong.fasta
2026-08-05 15:16:19,576 - INFO - Temporary file deleted: C:\Users\kaya\AppData\Local\Temp\tmp_5zq0zab.bin
2026-08-05 15:16:19,577 - INFO - [OK] wukong: strands=6, avg_length=200.0, total_dna=1200
