2026-08-05 11:56:17,522 - INFO - Starting cost analysis
2026-08-05 11:56:17,523 - INFO - Encodings: ['goldman', 'church', 'gcplus', 'hedges', 'max_density', 'no_homopolymer', 'wukong', 'yinyang']
2026-08-05 11:56:17,523 - INFO - Test data size: 440 bits
2026-08-05 11:56:17,523 - INFO - --- First pass: baseline costs ---
2026-08-05 11:56:17,527 - ERROR - Traceback (most recent call last):
  File "C:\git\DNABYteneu\DNAbyte\simulations\cost_comparison.py", line 278, in run_cost_analysis
    metrics = self._encode_and_measure(enc, test_data, params)
  File "C:\git\DNABYteneu\DNAbyte\simulations\cost_comparison.py", line 340, in _encode_and_measure
    dna_codewords, info = encoder.encode(test_data)
                          ~~~~~~~~~~~~~~^^^^^^^^^^^
  File "C:\git\DNABYteneu\DNAbyte\dnabyte\encode.py", line 59, in encode
    raise TypeError("data must be an instance of BinaryCode")
TypeError: data must be an instance of BinaryCode

2026-08-05 11:56:17,531 - ERROR - Traceback (most recent call last):
  File "C:\git\DNABYteneu\DNAbyte\simulations\cost_comparison.py", line 278, in run_cost_analysis
    metrics = self._encode_and_measure(enc, test_data, params)
  File "C:\git\DNABYteneu\DNAbyte\simulations\cost_comparison.py", line 340, in _encode_and_measure
    dna_codewords, info = encoder.encode(test_data)
                          ~~~~~~~~~~~~~~^^^^^^^^^^^
  File "C:\git\DNABYteneu\DNAbyte\dnabyte\encode.py", line 59, in encode
    raise TypeError("data must be an instance of BinaryCode")
TypeError: data must be an instance of BinaryCode

2026-08-05 11:56:17,535 - ERROR - Traceback (most recent call last):
  File "C:\git\DNABYteneu\DNAbyte\simulations\cost_comparison.py", line 278, in run_cost_analysis
    metrics = self._encode_and_measure(enc, test_data, params)
  File "C:\git\DNABYteneu\DNAbyte\simulations\cost_comparison.py", line 340, in _encode_and_measure
    dna_codewords, info = encoder.encode(test_data)
                          ~~~~~~~~~~~~~~^^^^^^^^^^^
  File "C:\git\DNABYteneu\DNAbyte\dnabyte\encode.py", line 59, in encode
    raise TypeError("data must be an instance of BinaryCode")
TypeError: data must be an instance of BinaryCode

2026-08-05 11:56:17,539 - ERROR - Traceback (most recent call last):
  File "C:\git\DNABYteneu\DNAbyte\simulations\cost_comparison.py", line 278, in run_cost_analysis
    metrics = self._encode_and_measure(enc, test_data, params)
  File "C:\git\DNABYteneu\DNAbyte\simulations\cost_comparison.py", line 340, in _encode_and_measure
    dna_codewords, info = encoder.encode(test_data)
                          ~~~~~~~~~~~~~~^^^^^^^^^^^
  File "C:\git\DNABYteneu\DNAbyte\dnabyte\encode.py", line 59, in encode
    raise TypeError("data must be an instance of BinaryCode")
TypeError: data must be an instance of BinaryCode

2026-08-05 11:56:17,543 - ERROR - Traceback (most recent call last):
  File "C:\git\DNABYteneu\DNAbyte\simulations\cost_comparison.py", line 278, in run_cost_analysis
    metrics = self._encode_and_measure(enc, test_data, params)
  File "C:\git\DNABYteneu\DNAbyte\simulations\cost_comparison.py", line 340, in _encode_and_measure
    dna_codewords, info = encoder.encode(test_data)
                          ~~~~~~~~~~~~~~^^^^^^^^^^^
  File "C:\git\DNABYteneu\DNAbyte\dnabyte\encode.py", line 59, in encode
    raise TypeError("data must be an instance of BinaryCode")
TypeError: data must be an instance of BinaryCode

2026-08-05 11:56:17,546 - ERROR - Traceback (most recent call last):
  File "C:\git\DNABYteneu\DNAbyte\simulations\cost_comparison.py", line 278, in run_cost_analysis
    metrics = self._encode_and_measure(enc, test_data, params)
  File "C:\git\DNABYteneu\DNAbyte\simulations\cost_comparison.py", line 340, in _encode_and_measure
    dna_codewords, info = encoder.encode(test_data)
                          ~~~~~~~~~~~~~~^^^^^^^^^^^
  File "C:\git\DNABYteneu\DNAbyte\dnabyte\encode.py", line 59, in encode
    raise TypeError("data must be an instance of BinaryCode")
TypeError: data must be an instance of BinaryCode

2026-08-05 11:56:17,551 - ERROR - Traceback (most recent call last):
  File "C:\git\DNABYteneu\DNAbyte\simulations\cost_comparison.py", line 278, in run_cost_analysis
    metrics = self._encode_and_measure(enc, test_data, params)
  File "C:\git\DNABYteneu\DNAbyte\simulations\cost_comparison.py", line 340, in _encode_and_measure
    dna_codewords, info = encoder.encode(test_data)
                          ~~~~~~~~~~~~~~^^^^^^^^^^^
  File "C:\git\DNABYteneu\DNAbyte\dnabyte\encode.py", line 59, in encode
    raise TypeError("data must be an instance of BinaryCode")
TypeError: data must be an instance of BinaryCode

2026-08-05 11:56:17,554 - ERROR - Traceback (most recent call last):
  File "C:\git\DNABYteneu\DNAbyte\simulations\cost_comparison.py", line 278, in run_cost_analysis
    metrics = self._encode_and_measure(enc, test_data, params)
  File "C:\git\DNABYteneu\DNAbyte\simulations\cost_comparison.py", line 340, in _encode_and_measure
    dna_codewords, info = encoder.encode(test_data)
                          ~~~~~~~~~~~~~~^^^^^^^^^^^
  File "C:\git\DNABYteneu\DNAbyte\dnabyte\encode.py", line 59, in encode
    raise TypeError("data must be an instance of BinaryCode")
TypeError: data must be an instance of BinaryCode

