2026-08-05 15:00:08,032 - INFO - Starting cost analysis
2026-08-05 15:00:08,033 - INFO - Encodings: ['goldman', 'church', 'gcplus', 'hedges', 'max_density', 'no_homopolymer', 'wukong', 'yinyang']
2026-08-05 15:00:08,033 - INFO - Test data size: 440 bits
2026-08-05 15:00:08,033 - INFO - --- First pass: baseline costs ---
2026-08-05 15:00:09,267 - INFO - Binary data written to temporary file: C:\Users\kaya\AppData\Local\Temp\tmpt9g042m5.bin
2026-08-05 15:00:09,293 - INFO - Encoding completed. Result file: C:\Users\kaya\AppData\Local\Temp\tmpwugnx3dr/tmpt9g042m5_goldman.fasta
2026-08-05 15:00:09,296 - INFO - Temporary file deleted: C:\Users\kaya\AppData\Local\Temp\tmpt9g042m5.bin
2026-08-05 15:00:09,310 - INFO - Binary data written to temporary file: C:\Users\kaya\AppData\Local\Temp\tmp9t8durna.bin
2026-08-05 15:00:09,316 - INFO - Encoding completed. Result file: C:\Users\kaya\AppData\Local\Temp\tmpsr2946bb/tmp9t8durna_church.fasta
2026-08-05 15:00:09,317 - INFO - Temporary file deleted: C:\Users\kaya\AppData\Local\Temp\tmp9t8durna.bin
2026-08-05 15:00:09,329 - ERROR - GC+ encode error: The length of the binary message must be divisible by the block length [0, 0, 1, 1, 0, 0, 0, 1, 0, 0, 1, 1, 0, 0, 0, 1, 0, 0, 1, 1, 0, 0, 0, 1, 0, 0, 1, 1, 0, 0, 0, 0, 0, 0, 1, 1, 0, 0, 0, 1, 0, 0, 1, 1, 0, 0, 0, 0, 0, 0, 1, 1, 0, 0, 0, 1, 0, 0, 1, 1, 0, 0, 0, 0, 0, 0, 1, 1, 0, 0, 0, 1, 0, 0, 1, 1, 0, 0, 0, 0, 0, 0, 1, 1, 0, 0, 0, 0, 0, 0, 1, 1, 0, 0, 0, 1, 0, 0, 1, 1, 0, 0, 0, 0, 0, 0, 1, 1, 0, 0, 0, 0, 0, 0, 1, 1, 0, 0, 0, 1, 0, 0, 1, 1, 0, 0, 0, 0, 0, 0, 1, 1, 0, 0, 0, 1, 0, 0, 1, 1, 0, 0, 0, 0, 0, 0, 1, 1, 0, 0].
2026-08-05 15:00:09,331 - ERROR - Traceback (most recent call last):
  File "C:\git\DNABYteneu\DNAbyte\dnabyte\encoding\gcplus\encode.py", line 103, in encode
    x, n, N, K, q, U, X, check_par = GCP_Encode_DNA_brute(
                                     ~~~~~~~~~~~~~~~~~~~~^
        chunk, l, c1, codebook
        ^^^^^^^^^^^^^^^^^^^^^^
    )
    ^
  File "C:\git\DNABYteneu\DNAbyte\dnabyte\encoding\gcplus\src\GCPdna\GCP_Encode_DNA.py", line 34, in GCP_Encode_DNA_brute
    U = binary_to_decimal_blocks(u, l)
  File "C:\git\DNABYteneu\DNAbyte\dnabyte\encoding\gcplus\src\GCPdna\GCP_Encode_DNA.py", line 12, in binary_to_decimal_blocks
    raise ValueError(f"The length of the binary message must be divisible by the block length {binary_message}.")
ValueError: The length of the binary message must be divisible by the block length [0, 0, 1, 1, 0, 0, 0, 1, 0, 0, 1, 1, 0, 0, 0, 1, 0, 0, 1, 1, 0, 0, 0, 1, 0, 0, 1, 1, 0, 0, 0, 0, 0, 0, 1, 1, 0, 0, 0, 1, 0, 0, 1, 1, 0, 0, 0, 0, 0, 0, 1, 1, 0, 0, 0, 1, 0, 0, 1, 1, 0, 0, 0, 0, 0, 0, 1, 1, 0, 0, 0, 1, 0, 0, 1, 1, 0, 0, 0, 0, 0, 0, 1, 1, 0, 0, 0, 0, 0, 0, 1, 1, 0, 0, 0, 1, 0, 0, 1, 1, 0, 0, 0, 0, 0, 0, 1, 1, 0, 0, 0, 0, 0, 0, 1, 1, 0, 0, 0, 1, 0, 0, 1, 1, 0, 0, 0, 0, 0, 0, 1, 1, 0, 0, 0, 1, 0, 0, 1, 1, 0, 0, 0, 0, 0, 0, 1, 1, 0, 0].

2026-08-05 15:00:09,340 - ERROR - Traceback (most recent call last):
  File "C:\git\DNABYteneu\DNAbyte\simulations\cost_comparison.py", line 278, in run_cost_analysis
    metrics = self._encode_and_measure(enc, test_data, params)
  File "C:\git\DNABYteneu\DNAbyte\simulations\cost_comparison.py", line 367, in _encode_and_measure
    dna_codewords, info = encoder.encode(binary_code)
                          ~~~~~~~~~~~~~~^^^^^^^^^^^^^
  File "C:\git\DNABYteneu\DNAbyte\dnabyte\encode.py", line 52, in encode
    obj = NucleobaseCode(encoded_data)
  File "C:\git\DNABYteneu\DNAbyte\dnabyte\data_classes\nucleobasecode.py", line 43, in __init__
    self._validate_data(data)
    ~~~~~~~~~~~~~~~~~~~^^^^^^
  File "C:\git\DNABYteneu\DNAbyte\dnabyte\data_classes\nucleobasecode.py", line 60, in _validate_data
    raise TypeError(
        f"Encoded data must be a list, got {type(data).__name__}"
    )
TypeError: Encoded data must be a list, got NoneType

2026-08-05 15:00:09,428 - INFO - Binary data written to temporary file: C:\Users\kaya\AppData\Local\Temp\tmpgucsvmne.bin
2026-08-05 15:00:09,446 - INFO - Encoding completed. Result file: C:\Users\kaya\AppData\Local\Temp\tmpg19tgv5t/tmpgucsvmne_wukong.fasta
2026-08-05 15:00:09,449 - INFO - Temporary file deleted: C:\Users\kaya\AppData\Local\Temp\tmpgucsvmne.bin
