2026-08-05 13:55:21,316 - INFO - Starting cost analysis
2026-08-05 13:55:21,317 - INFO - Encodings: ['goldman', 'church', 'gcplus', 'hedges', 'max_density', 'no_homopolymer', 'wukong', 'yinyang']
2026-08-05 13:55:21,317 - INFO - Test data size: 440 bits
2026-08-05 13:55:21,317 - INFO - --- First pass: baseline costs ---
2026-08-05 13:55:22,482 - INFO - Binary data written to temporary file: C:\Users\kaya\AppData\Local\Temp\tmpgw5nz2pv.bin
2026-08-05 13:55:22,602 - INFO - Encoding completed. Result file: C:\Users\kaya\AppData\Local\Temp\tmpcq4krnus/tmpgw5nz2pv_goldman.fasta
2026-08-05 13:55:22,614 - INFO - Temporary file deleted: C:\Users\kaya\AppData\Local\Temp\tmpgw5nz2pv.bin
2026-08-05 13:55:22,627 - INFO - Binary data written to temporary file: C:\Users\kaya\AppData\Local\Temp\tmpycb7v_ff.bin
2026-08-05 13:55:22,634 - INFO - Encoding completed. Result file: C:\Users\kaya\AppData\Local\Temp\tmp6ka_ql97/tmpycb7v_ff_church.fasta
2026-08-05 13:55:22,647 - INFO - Temporary file deleted: C:\Users\kaya\AppData\Local\Temp\tmpycb7v_ff.bin
2026-08-05 13:55:22,664 - ERROR - GC+ encode error: The length of the binary message must be divisible by the block length [0, 0, 1, 1, 0, 0, 0, 1, 0, 0, 1, 1, 0, 0, 0, 1, 0, 0, 1, 1, 0, 0, 0, 1, 0, 0, 1, 1, 0, 0, 0, 0, 0, 0, 1, 1, 0, 0, 0, 1, 0, 0, 1, 1, 0, 0, 0, 0, 0, 0, 1, 1, 0, 0, 0, 1, 0, 0, 1, 1, 0, 0, 0, 0, 0, 0, 1, 1, 0, 0, 0, 1, 0, 0, 1, 1, 0, 0, 0, 0, 0, 0, 1, 1, 0, 0, 0, 0, 0, 0, 1, 1, 0, 0, 0, 1, 0, 0, 1, 1, 0, 0, 0, 0, 0, 0, 1, 1, 0, 0, 0, 0, 0, 0, 1, 1, 0, 0, 0, 1, 0, 0, 1, 1, 0, 0, 0, 0, 0, 0, 1, 1, 0, 0, 0, 1, 0, 0, 1, 1, 0, 0, 0, 0, 0, 0, 1, 1, 0, 0].
2026-08-05 13:55:22,665 - ERROR - Traceback (most recent call last):
  File "C:\git\DNABYteneu\DNAbyte\dnabyte\encoding\gcplus\encode.py", line 103, in encode
    x, n, N, K, q, U, X, check_par = GCP_Encode_DNA_brute(
                                     ~~~~~~~~~~~~~~~~~~~~^
        chunk, l, c1, codebook
        ^^^^^^^^^^^^^^^^^^^^^^
    )
    ^
  File "C:\git\DNABYteneu\DNAbyte\dnabyte\encoding\gcplus\src\GCPdna\GCP_Encode_DNA.py", line 34, in GCP_Encode_DNA_brute
    U = binary_to_decimal_blocks(u, l)
  File "C:\git\DNABYteneu\DNAbyte\dnabyte\encoding\gcplus\src\GCPdna\GCP_Encode_DNA.py", line 12, in binary_to_decimal_blocks
    raise ValueError(f"The length of the binary message must be divisible by the block length {binary_message}.")
ValueError: The length of the binary message must be divisible by the block length [0, 0, 1, 1, 0, 0, 0, 1, 0, 0, 1, 1, 0, 0, 0, 1, 0, 0, 1, 1, 0, 0, 0, 1, 0, 0, 1, 1, 0, 0, 0, 0, 0, 0, 1, 1, 0, 0, 0, 1, 0, 0, 1, 1, 0, 0, 0, 0, 0, 0, 1, 1, 0, 0, 0, 1, 0, 0, 1, 1, 0, 0, 0, 0, 0, 0, 1, 1, 0, 0, 0, 1, 0, 0, 1, 1, 0, 0, 0, 0, 0, 0, 1, 1, 0, 0, 0, 0, 0, 0, 1, 1, 0, 0, 0, 1, 0, 0, 1, 1, 0, 0, 0, 0, 0, 0, 1, 1, 0, 0, 0, 0, 0, 0, 1, 1, 0, 0, 0, 1, 0, 0, 1, 1, 0, 0, 0, 0, 0, 0, 1, 1, 0, 0, 0, 1, 0, 0, 1, 1, 0, 0, 0, 0, 0, 0, 1, 1, 0, 0].

2026-08-05 13:55:22,670 - ERROR - Traceback (most recent call last):
  File "C:\git\DNABYteneu\DNAbyte\simulations\cost_comparison.py", line 278, in run_cost_analysis
    metrics = self._encode_and_measure(enc, test_data, params)
  File "C:\git\DNABYteneu\DNAbyte\simulations\cost_comparison.py", line 367, in _encode_and_measure
    dna_codewords, info = encoder.encode(binary_code)
                          ~~~~~~~~~~~~~~^^^^^^^^^^^^^
  File "C:\git\DNABYteneu\DNAbyte\dnabyte\encode.py", line 52, in encode
    obj = NucleobaseCode(encoded_data)
  File "C:\git\DNABYteneu\DNAbyte\dnabyte\data_classes\nucleobasecode.py", line 43, in __init__
    self._validate_data(data)
    ~~~~~~~~~~~~~~~~~~~^^^^^^
  File "C:\git\DNABYteneu\DNAbyte\dnabyte\data_classes\nucleobasecode.py", line 60, in _validate_data
    raise TypeError(
        f"Encoded data must be a list, got {type(data).__name__}"
    )
TypeError: Encoded data must be a list, got NoneType

2026-08-05 13:55:22,738 - INFO - Binary data written to temporary file: C:\Users\kaya\AppData\Local\Temp\tmpeh8w8dm6.bin
2026-08-05 13:55:22,748 - INFO - Encoding completed. Result file: C:\Users\kaya\AppData\Local\Temp\tmpfqg0colf/tmpeh8w8dm6_wukong.fasta
2026-08-05 13:55:22,759 - INFO - Temporary file deleted: C:\Users\kaya\AppData\Local\Temp\tmpeh8w8dm6.bin
