2026-08-06 10:58:27,143 - INFO - goldman            @  10000bp cost,   1.0% error: recovery=100.0%, eff_density=0.3415
2026-08-06 10:58:27,414 - INFO - goldman            @  10000bp cost,   5.0% error: recovery=100.0%, eff_density=0.3415
2026-08-06 10:58:27,749 - INFO - goldman            @  10000bp cost,  10.0% error: recovery=100.0%, eff_density=0.3415
2026-08-06 10:58:28,206 - INFO - goldman            @  10000bp cost,  15.0% error: recovery=100.0%, eff_density=0.3415
2026-08-06 10:58:28,662 - INFO - goldman            @  10000bp cost,  20.0% error: recovery=100.0%, eff_density=0.3415
2026-08-06 10:58:28,897 - WARNING - Error tuning church at seq_len=77: Encoded data must be a list, got NoneType
2026-08-06 10:58:28,903 - WARNING - Error tuning church at seq_len=63: Encoded data must be a list, got NoneType
2026-08-06 10:58:28,912 - WARNING - Error tuning church at seq_len=56: Encoded data must be a list, got NoneType
2026-08-06 10:58:28,918 - WARNING - Error tuning church at seq_len=52: Encoded data must be a list, got NoneType
2026-08-06 10:58:28,926 - WARNING - Error tuning church at seq_len=50: Encoded data must be a list, got NoneType
2026-08-06 10:58:28,933 - WARNING - Error tuning church at seq_len=49: Encoded data must be a list, got NoneType
2026-08-06 10:58:28,941 - WARNING - Error tuning church at seq_len=49: Encoded data must be a list, got NoneType
2026-08-06 10:58:29,409 - INFO - church             @  10000bp cost,   1.0% error: recovery=100.0%, eff_density=0.1332
2026-08-06 10:58:30,008 - INFO - church             @  10000bp cost,   5.0% error: recovery=100.0%, eff_density=0.1332
2026-08-06 10:58:30,768 - INFO - church             @  10000bp cost,  10.0% error: recovery=100.0%, eff_density=0.1332
2026-08-06 10:58:31,713 - INFO - church             @  10000bp cost,  15.0% error: recovery=100.0%, eff_density=0.1332
2026-08-06 10:58:32,860 - INFO - church             @  10000bp cost,  20.0% error: recovery=100.0%, eff_density=0.1332
2026-08-06 10:58:38,099 - INFO - gcplus             @  10000bp cost,   1.0% error: recovery=100.0%, eff_density=0.3333
2026-08-06 10:58:39,475 - INFO - gcplus             @  10000bp cost,   5.0% error: recovery=100.0%, eff_density=0.3333
2026-08-06 10:58:40,902 - INFO - gcplus             @  10000bp cost,  10.0% error: recovery=100.0%, eff_density=0.3333
2026-08-06 10:58:42,332 - INFO - gcplus             @  10000bp cost,  15.0% error: recovery=100.0%, eff_density=0.3333
2026-08-06 10:58:43,826 - INFO - gcplus             @  10000bp cost,  20.0% error: recovery=100.0%, eff_density=0.3333
2026-08-06 11:01:30,306 - INFO - goldman            @  10000bp cost,   1.0% error: recovery=100.0%, eff_density=0.3415
2026-08-06 11:01:30,775 - INFO - goldman            @  10000bp cost,   5.0% error: recovery=100.0%, eff_density=0.3415
2026-08-06 11:01:31,127 - INFO - goldman            @  10000bp cost,  10.0% error: recovery=100.0%, eff_density=0.3415
2026-08-06 11:01:31,548 - INFO - goldman            @  10000bp cost,  15.0% error: recovery=100.0%, eff_density=0.3415
2026-08-06 11:01:32,041 - INFO - goldman            @  10000bp cost,  20.0% error: recovery=100.0%, eff_density=0.3415
2026-08-06 11:01:32,287 - WARNING - Error tuning church at seq_len=77: Encoded data must be a list, got NoneType
2026-08-06 11:01:32,304 - WARNING - Error tuning church at seq_len=63: Encoded data must be a list, got NoneType
2026-08-06 11:01:32,313 - WARNING - Error tuning church at seq_len=56: Encoded data must be a list, got NoneType
2026-08-06 11:01:32,320 - WARNING - Error tuning church at seq_len=52: Encoded data must be a list, got NoneType
2026-08-06 11:01:32,329 - WARNING - Error tuning church at seq_len=50: Encoded data must be a list, got NoneType
2026-08-06 11:01:32,337 - WARNING - Error tuning church at seq_len=49: Encoded data must be a list, got NoneType
2026-08-06 11:01:32,345 - WARNING - Error tuning church at seq_len=49: Encoded data must be a list, got NoneType
2026-08-06 11:01:32,823 - INFO - church             @  10000bp cost,   1.0% error: recovery=100.0%, eff_density=0.1332
2026-08-06 11:01:33,442 - INFO - church             @  10000bp cost,   5.0% error: recovery=100.0%, eff_density=0.1332
2026-08-06 11:01:34,290 - INFO - church             @  10000bp cost,  10.0% error: recovery=100.0%, eff_density=0.1332
2026-08-06 11:01:35,262 - INFO - church             @  10000bp cost,  15.0% error: recovery=100.0%, eff_density=0.1332
2026-08-06 11:01:36,499 - INFO - church             @  10000bp cost,  20.0% error: recovery=100.0%, eff_density=0.1332
2026-08-06 11:01:41,789 - INFO - gcplus             @  10000bp cost,   1.0% error: recovery=100.0%, eff_density=0.3333
2026-08-06 11:01:43,170 - INFO - gcplus             @  10000bp cost,   5.0% error: recovery=100.0%, eff_density=0.3333
2026-08-06 11:01:44,581 - INFO - gcplus             @  10000bp cost,  10.0% error: recovery=100.0%, eff_density=0.3333
2026-08-06 11:01:46,091 - INFO - gcplus             @  10000bp cost,  15.0% error: recovery=100.0%, eff_density=0.3333
2026-08-06 11:01:47,654 - INFO - gcplus             @  10000bp cost,  20.0% error: recovery=100.0%, eff_density=0.3333
2026-08-06 11:03:54,870 - INFO - goldman            @  10000bp cost,   1.0% error: recovery=100.0%, eff_density=0.3415
2026-08-06 11:03:55,129 - INFO - goldman            @  10000bp cost,   5.0% error: recovery=100.0%, eff_density=0.3415
2026-08-06 11:03:55,445 - INFO - goldman            @  10000bp cost,  10.0% error: recovery=100.0%, eff_density=0.3415
2026-08-06 11:03:55,854 - INFO - goldman            @  10000bp cost,  15.0% error: recovery=100.0%, eff_density=0.3415
2026-08-06 11:03:56,310 - INFO - goldman            @  10000bp cost,  20.0% error: recovery=100.0%, eff_density=0.3415
2026-08-06 11:03:56,526 - WARNING - Error tuning church at seq_len=77: Encoded data must be a list, got NoneType
2026-08-06 11:03:56,533 - WARNING - Error tuning church at seq_len=63: Encoded data must be a list, got NoneType
2026-08-06 11:03:56,547 - WARNING - Error tuning church at seq_len=56: Encoded data must be a list, got NoneType
2026-08-06 11:03:56,553 - WARNING - Error tuning church at seq_len=52: Encoded data must be a list, got NoneType
2026-08-06 11:03:56,560 - WARNING - Error tuning church at seq_len=50: Encoded data must be a list, got NoneType
2026-08-06 11:03:56,567 - WARNING - Error tuning church at seq_len=49: Encoded data must be a list, got NoneType
2026-08-06 11:03:56,573 - WARNING - Error tuning church at seq_len=49: Encoded data must be a list, got NoneType
2026-08-06 11:03:57,036 - INFO - church             @  10000bp cost,   1.0% error: recovery=100.0%, eff_density=0.1332
2026-08-06 11:03:57,613 - INFO - church             @  10000bp cost,   5.0% error: recovery=100.0%, eff_density=0.1332
2026-08-06 11:03:58,364 - INFO - church             @  10000bp cost,  10.0% error: recovery=100.0%, eff_density=0.1332
2026-08-06 11:03:59,321 - INFO - church             @  10000bp cost,  15.0% error: recovery=100.0%, eff_density=0.1332
2026-08-06 11:04:00,452 - INFO - church             @  10000bp cost,  20.0% error: recovery=100.0%, eff_density=0.1332
2026-08-06 11:04:05,591 - INFO - gcplus             @  10000bp cost,   1.0% error: recovery=100.0%, eff_density=0.3333
2026-08-06 11:04:06,939 - INFO - gcplus             @  10000bp cost,   5.0% error: recovery=100.0%, eff_density=0.3333
2026-08-06 11:04:08,390 - INFO - gcplus             @  10000bp cost,  10.0% error: recovery=100.0%, eff_density=0.3333
2026-08-06 11:04:09,841 - INFO - gcplus             @  10000bp cost,  15.0% error: recovery=100.0%, eff_density=0.3333
2026-08-06 11:04:11,360 - INFO - gcplus             @  10000bp cost,  20.0% error: recovery=100.0%, eff_density=0.3333
2026-08-06 11:04:11,567 - INFO - max_density        @  10000bp cost,   1.0% error: recovery=100.0%, eff_density=1.5918
2026-08-06 11:04:11,606 - INFO - max_density        @  10000bp cost,   5.0% error: recovery=100.0%, eff_density=1.5918
2026-08-06 11:04:11,660 - INFO - max_density        @  10000bp cost,  10.0% error: recovery=100.0%, eff_density=1.5918
2026-08-06 11:04:11,729 - INFO - max_density        @  10000bp cost,  15.0% error: recovery=100.0%, eff_density=1.5918
2026-08-06 11:04:11,822 - INFO - max_density        @  10000bp cost,  20.0% error: recovery=100.0%, eff_density=1.5918
2026-08-06 11:04:11,929 - INFO - no_homopolymer     @  10000bp cost,   1.0% error: recovery=100.0%, eff_density=0.9070
2026-08-06 11:04:11,983 - INFO - no_homopolymer     @  10000bp cost,   5.0% error: recovery=100.0%, eff_density=0.9070
2026-08-06 11:04:12,066 - INFO - no_homopolymer     @  10000bp cost,  10.0% error: recovery=100.0%, eff_density=0.9070
2026-08-06 11:04:12,168 - INFO - no_homopolymer     @  10000bp cost,  15.0% error: recovery=100.0%, eff_density=0.9070
2026-08-06 11:04:12,323 - INFO - no_homopolymer     @  10000bp cost,  20.0% error: recovery=100.0%, eff_density=0.9070
2026-08-06 11:04:12,340 - WARNING - Error tuning wukong at seq_len=275: Encoded data must be a list, got NoneType
2026-08-06 11:04:52,849 - INFO - goldman            @  10000bp cost,   1.0% error: recovery=100.0%, eff_density=0.3415
2026-08-06 11:04:53,115 - INFO - goldman            @  10000bp cost,   5.0% error: recovery=100.0%, eff_density=0.3415
2026-08-06 11:04:53,465 - INFO - goldman            @  10000bp cost,  10.0% error: recovery=100.0%, eff_density=0.3415
2026-08-06 11:04:53,916 - INFO - goldman            @  10000bp cost,  15.0% error: recovery=100.0%, eff_density=0.3415
2026-08-06 11:04:54,410 - INFO - goldman            @  10000bp cost,  20.0% error: recovery=100.0%, eff_density=0.3415
2026-08-06 11:04:54,669 - WARNING - Error tuning church at seq_len=77: Encoded data must be a list, got NoneType
2026-08-06 11:04:54,677 - WARNING - Error tuning church at seq_len=63: Encoded data must be a list, got NoneType
2026-08-06 11:04:54,685 - WARNING - Error tuning church at seq_len=56: Encoded data must be a list, got NoneType
2026-08-06 11:04:54,693 - WARNING - Error tuning church at seq_len=52: Encoded data must be a list, got NoneType
2026-08-06 11:04:54,700 - WARNING - Error tuning church at seq_len=50: Encoded data must be a list, got NoneType
2026-08-06 11:04:54,709 - WARNING - Error tuning church at seq_len=49: Encoded data must be a list, got NoneType
2026-08-06 11:04:54,716 - WARNING - Error tuning church at seq_len=49: Encoded data must be a list, got NoneType
2026-08-06 11:04:55,219 - INFO - church             @  10000bp cost,   1.0% error: recovery=100.0%, eff_density=0.1332
2026-08-06 11:04:55,866 - INFO - church             @  10000bp cost,   5.0% error: recovery=100.0%, eff_density=0.1332
2026-08-06 11:04:56,721 - INFO - church             @  10000bp cost,  10.0% error: recovery=100.0%, eff_density=0.1332
2026-08-06 11:04:57,701 - INFO - church             @  10000bp cost,  15.0% error: recovery=100.0%, eff_density=0.1332
2026-08-06 11:04:58,897 - INFO - church             @  10000bp cost,  20.0% error: recovery=100.0%, eff_density=0.1332
2026-08-06 11:05:04,089 - INFO - gcplus             @  10000bp cost,   1.0% error: recovery=100.0%, eff_density=0.3333
2026-08-06 11:05:05,472 - INFO - gcplus             @  10000bp cost,   5.0% error: recovery=100.0%, eff_density=0.3333
2026-08-06 11:05:06,910 - INFO - gcplus             @  10000bp cost,  10.0% error: recovery=100.0%, eff_density=0.3333
2026-08-06 11:05:08,382 - INFO - gcplus             @  10000bp cost,  15.0% error: recovery=100.0%, eff_density=0.3333
2026-08-06 11:05:09,884 - INFO - gcplus             @  10000bp cost,  20.0% error: recovery=100.0%, eff_density=0.3333
2026-08-06 11:05:09,997 - INFO - max_density        @  10000bp cost,   1.0% error: recovery=100.0%, eff_density=1.5918
2026-08-06 11:05:10,041 - INFO - max_density        @  10000bp cost,   5.0% error: recovery=100.0%, eff_density=1.5918
2026-08-06 11:05:10,101 - INFO - max_density        @  10000bp cost,  10.0% error: recovery=100.0%, eff_density=1.5918
2026-08-06 11:05:10,179 - INFO - max_density        @  10000bp cost,  15.0% error: recovery=100.0%, eff_density=1.5918
2026-08-06 11:05:10,292 - INFO - max_density        @  10000bp cost,  20.0% error: recovery=100.0%, eff_density=1.5918
2026-08-06 11:05:10,424 - INFO - no_homopolymer     @  10000bp cost,   1.0% error: recovery=100.0%, eff_density=0.9070
2026-08-06 11:05:10,486 - INFO - no_homopolymer     @  10000bp cost,   5.0% error: recovery=100.0%, eff_density=0.9070
2026-08-06 11:05:10,571 - INFO - no_homopolymer     @  10000bp cost,  10.0% error: recovery=100.0%, eff_density=0.9070
2026-08-06 11:05:10,694 - INFO - no_homopolymer     @  10000bp cost,  15.0% error: recovery=100.0%, eff_density=0.9070
2026-08-06 11:05:10,841 - INFO - no_homopolymer     @  10000bp cost,  20.0% error: recovery=100.0%, eff_density=0.9070
2026-08-06 11:05:10,851 - WARNING - Error tuning wukong at seq_len=275: Encoded data must be a list, got NoneType
2026-08-06 11:09:14,633 - INFO - goldman            @  10000bp cost,   1.0% error: recovery=100.0%, eff_density=0.3415
2026-08-06 11:09:14,893 - INFO - goldman            @  10000bp cost,   5.0% error: recovery=100.0%, eff_density=0.3415
2026-08-06 11:09:15,238 - INFO - goldman            @  10000bp cost,  10.0% error: recovery=100.0%, eff_density=0.3415
2026-08-06 11:09:15,656 - INFO - goldman            @  10000bp cost,  15.0% error: recovery=100.0%, eff_density=0.3415
2026-08-06 11:09:16,128 - INFO - goldman            @  10000bp cost,  20.0% error: recovery=100.0%, eff_density=0.3415
2026-08-06 11:09:16,392 - WARNING - Error tuning church at seq_len=77: Encoded data must be a list, got NoneType
2026-08-06 11:09:16,399 - WARNING - Error tuning church at seq_len=63: Encoded data must be a list, got NoneType
2026-08-06 11:09:16,408 - WARNING - Error tuning church at seq_len=56: Encoded data must be a list, got NoneType
2026-08-06 11:09:16,416 - WARNING - Error tuning church at seq_len=52: Encoded data must be a list, got NoneType
2026-08-06 11:09:16,424 - WARNING - Error tuning church at seq_len=50: Encoded data must be a list, got NoneType
2026-08-06 11:09:16,440 - WARNING - Error tuning church at seq_len=49: Encoded data must be a list, got NoneType
2026-08-06 11:09:16,449 - WARNING - Error tuning church at seq_len=49: Encoded data must be a list, got NoneType
2026-08-06 11:09:16,938 - INFO - church             @  10000bp cost,   1.0% error: recovery=100.0%, eff_density=0.1332
2026-08-06 11:09:17,592 - INFO - church             @  10000bp cost,   5.0% error: recovery=100.0%, eff_density=0.1332
2026-08-06 11:09:18,434 - INFO - church             @  10000bp cost,  10.0% error: recovery=100.0%, eff_density=0.1332
2026-08-06 11:09:19,390 - INFO - church             @  10000bp cost,  15.0% error: recovery=100.0%, eff_density=0.1332
2026-08-06 11:09:20,558 - INFO - church             @  10000bp cost,  20.0% error: recovery=100.0%, eff_density=0.1332
2026-08-06 11:09:25,665 - INFO - gcplus             @  10000bp cost,   1.0% error: recovery=100.0%, eff_density=0.3333
2026-08-06 11:09:27,011 - INFO - gcplus             @  10000bp cost,   5.0% error: recovery=100.0%, eff_density=0.3333
2026-08-06 11:09:28,420 - INFO - gcplus             @  10000bp cost,  10.0% error: recovery=100.0%, eff_density=0.3333
2026-08-06 11:09:29,869 - INFO - gcplus             @  10000bp cost,  15.0% error: recovery=100.0%, eff_density=0.3333
2026-08-06 11:09:31,386 - INFO - gcplus             @  10000bp cost,  20.0% error: recovery=100.0%, eff_density=0.3333
2026-08-06 11:09:31,491 - INFO - max_density        @  10000bp cost,   1.0% error: recovery=100.0%, eff_density=1.5918
2026-08-06 11:09:31,532 - INFO - max_density        @  10000bp cost,   5.0% error: recovery=100.0%, eff_density=1.5918
2026-08-06 11:09:31,589 - INFO - max_density        @  10000bp cost,  10.0% error: recovery=100.0%, eff_density=1.5918
2026-08-06 11:09:31,660 - INFO - max_density        @  10000bp cost,  15.0% error: recovery=100.0%, eff_density=1.5918
2026-08-06 11:09:31,742 - INFO - max_density        @  10000bp cost,  20.0% error: recovery=100.0%, eff_density=1.5918
2026-08-06 11:09:31,846 - INFO - no_homopolymer     @  10000bp cost,   1.0% error: recovery=100.0%, eff_density=0.9070
2026-08-06 11:09:31,903 - INFO - no_homopolymer     @  10000bp cost,   5.0% error: recovery=100.0%, eff_density=0.9070
2026-08-06 11:09:31,988 - INFO - no_homopolymer     @  10000bp cost,  10.0% error: recovery=100.0%, eff_density=0.9070
2026-08-06 11:09:32,096 - INFO - no_homopolymer     @  10000bp cost,  15.0% error: recovery=100.0%, eff_density=0.9070
2026-08-06 11:09:32,226 - INFO - no_homopolymer     @  10000bp cost,  20.0% error: recovery=100.0%, eff_density=0.9070
2026-08-06 11:09:32,241 - WARNING - Error tuning wukong at seq_len=275: Encoded data must be a list, got NoneType
2026-08-06 11:09:32,402 - WARNING - Error tuning wukong at seq_len=331: Encoded data must be a list, got NoneType
2026-08-06 11:09:32,407 - WARNING - Error tuning wukong at seq_len=303: Encoded data must be a list, got NoneType
2026-08-06 11:09:32,412 - WARNING - Error tuning wukong at seq_len=289: Encoded data must be a list, got NoneType
2026-08-06 11:09:47,174 - INFO - goldman            @  10000bp cost,   1.0% error: recovery=100.0%, eff_density=0.3415
2026-08-06 11:09:47,421 - INFO - goldman            @  10000bp cost,   5.0% error: recovery=100.0%, eff_density=0.3415
2026-08-06 11:09:47,735 - INFO - goldman            @  10000bp cost,  10.0% error: recovery=100.0%, eff_density=0.3415
2026-08-06 11:09:48,170 - INFO - goldman            @  10000bp cost,  15.0% error: recovery=100.0%, eff_density=0.3415
2026-08-06 11:09:48,679 - INFO - goldman            @  10000bp cost,  20.0% error: recovery=100.0%, eff_density=0.3415
2026-08-06 11:09:48,923 - WARNING - Error tuning church at seq_len=77: Encoded data must be a list, got NoneType
2026-08-06 11:09:48,939 - WARNING - Error tuning church at seq_len=63: Encoded data must be a list, got NoneType
2026-08-06 11:09:48,947 - WARNING - Error tuning church at seq_len=56: Encoded data must be a list, got NoneType
2026-08-06 11:09:48,955 - WARNING - Error tuning church at seq_len=52: Encoded data must be a list, got NoneType
2026-08-06 11:09:48,962 - WARNING - Error tuning church at seq_len=50: Encoded data must be a list, got NoneType
2026-08-06 11:09:48,970 - WARNING - Error tuning church at seq_len=49: Encoded data must be a list, got NoneType
2026-08-06 11:09:48,978 - WARNING - Error tuning church at seq_len=49: Encoded data must be a list, got NoneType
2026-08-06 11:09:49,399 - INFO - church             @  10000bp cost,   1.0% error: recovery=100.0%, eff_density=0.1332
2026-08-06 11:09:50,016 - INFO - church             @  10000bp cost,   5.0% error: recovery=100.0%, eff_density=0.1332
2026-08-06 11:09:50,836 - INFO - church             @  10000bp cost,  10.0% error: recovery=100.0%, eff_density=0.1332
2026-08-06 11:09:52,272 - INFO - church             @  10000bp cost,  15.0% error: recovery=100.0%, eff_density=0.1332
2026-08-06 11:09:53,521 - INFO - church             @  10000bp cost,  20.0% error: recovery=100.0%, eff_density=0.1332
2026-08-06 11:09:58,790 - INFO - gcplus             @  10000bp cost,   1.0% error: recovery=100.0%, eff_density=0.3333
2026-08-06 11:10:00,188 - INFO - gcplus             @  10000bp cost,   5.0% error: recovery=100.0%, eff_density=0.3333
2026-08-06 11:10:01,592 - INFO - gcplus             @  10000bp cost,  10.0% error: recovery=100.0%, eff_density=0.3333
2026-08-06 11:10:03,066 - INFO - gcplus             @  10000bp cost,  15.0% error: recovery=100.0%, eff_density=0.3333
2026-08-06 11:10:04,602 - INFO - gcplus             @  10000bp cost,  20.0% error: recovery=100.0%, eff_density=0.3333
2026-08-06 11:10:04,717 - INFO - max_density        @  10000bp cost,   1.0% error: recovery=100.0%, eff_density=1.5918
2026-08-06 11:10:04,760 - INFO - max_density        @  10000bp cost,   5.0% error: recovery=100.0%, eff_density=1.5918
2026-08-06 11:10:04,817 - INFO - max_density        @  10000bp cost,  10.0% error: recovery=100.0%, eff_density=1.5918
2026-08-06 11:10:04,919 - INFO - max_density        @  10000bp cost,  15.0% error: recovery=100.0%, eff_density=1.5918
2026-08-06 11:10:05,007 - INFO - max_density        @  10000bp cost,  20.0% error: recovery=100.0%, eff_density=1.5918
2026-08-06 11:10:05,167 - INFO - no_homopolymer     @  10000bp cost,   1.0% error: recovery=100.0%, eff_density=0.9070
2026-08-06 11:10:05,227 - INFO - no_homopolymer     @  10000bp cost,   5.0% error: recovery=100.0%, eff_density=0.9070
2026-08-06 11:10:05,319 - INFO - no_homopolymer     @  10000bp cost,  10.0% error: recovery=100.0%, eff_density=0.9070
2026-08-06 11:10:05,452 - INFO - no_homopolymer     @  10000bp cost,  15.0% error: recovery=100.0%, eff_density=0.9070
2026-08-06 11:10:05,587 - INFO - no_homopolymer     @  10000bp cost,  20.0% error: recovery=100.0%, eff_density=0.9070
2026-08-06 11:10:05,596 - WARNING - Error tuning wukong at seq_len=275: Encoded data must be a list, got NoneType
2026-08-06 11:10:05,768 - WARNING - Error tuning wukong at seq_len=331: Encoded data must be a list, got NoneType
2026-08-06 11:10:05,775 - WARNING - Error tuning wukong at seq_len=303: Encoded data must be a list, got NoneType
2026-08-06 11:10:05,781 - WARNING - Error tuning wukong at seq_len=289: Encoded data must be a list, got NoneType
2026-08-06 11:10:26,810 - WARNING - Error tuning wukong at seq_len=282: Encoded data must be a list, got NoneType
2026-08-06 11:10:26,934 - WARNING - Error tuning wukong at seq_len=275: Encoded data must be a list, got NoneType
2026-08-06 11:10:26,939 - WARNING - Error tuning wukong at seq_len=275: Encoded data must be a list, got NoneType
2026-08-06 11:10:27,159 - INFO - wukong             @  10000bp cost,   1.0% error: recovery=100.0%, eff_density=0.9116
2026-08-06 11:10:27,437 - INFO - wukong             @  10000bp cost,   5.0% error: recovery=100.0%, eff_density=0.9116
2026-08-06 11:10:27,727 - INFO - wukong             @  10000bp cost,  10.0% error: recovery=100.0%, eff_density=0.9116
2026-08-06 11:10:28,008 - INFO - wukong             @  10000bp cost,  15.0% error: recovery=100.0%, eff_density=0.9116
2026-08-06 11:10:28,344 - INFO - wukong             @  10000bp cost,  20.0% error: recovery=100.0%, eff_density=0.9116
2026-08-06 11:10:30,257 - INFO - yinyang            @  10000bp cost,   1.0% error: recovery=100.0%, eff_density=1.8466
2026-08-06 11:10:30,853 - INFO - yinyang            @  10000bp cost,   5.0% error: recovery=100.0%, eff_density=1.7923
2026-08-06 11:10:31,317 - INFO - yinyang            @  10000bp cost,  10.0% error: recovery=100.0%, eff_density=1.8466
2026-08-06 11:10:31,863 - INFO - yinyang            @  10000bp cost,  15.0% error: recovery=100.0%, eff_density=1.8190
2026-08-06 11:10:32,485 - INFO - yinyang            @  10000bp cost,  20.0% error: recovery=100.0%, eff_density=1.8190
2026-08-06 11:10:33,106 - INFO - goldman            @  30000bp cost,   1.0% error: recovery=100.0%, eff_density=0.3415
2026-08-06 11:10:33,367 - INFO - goldman            @  30000bp cost,   5.0% error: recovery=100.0%, eff_density=0.3415
2026-08-06 11:10:33,663 - INFO - goldman            @  30000bp cost,  10.0% error: recovery=100.0%, eff_density=0.3415
2026-08-06 11:10:34,065 - INFO - goldman            @  30000bp cost,  15.0% error: recovery=100.0%, eff_density=0.3415
2026-08-06 11:10:34,549 - INFO - goldman            @  30000bp cost,  20.0% error: recovery=100.0%, eff_density=0.3415
2026-08-06 11:10:35,293 - INFO - church             @  30000bp cost,   1.0% error: recovery=100.0%, eff_density=0.8211
2026-08-06 11:10:35,469 - INFO - church             @  30000bp cost,   5.0% error: recovery=100.0%, eff_density=0.8211
2026-08-06 11:10:35,698 - INFO - church             @  30000bp cost,  10.0% error: recovery=100.0%, eff_density=0.8211
2026-08-06 11:10:35,946 - INFO - church             @  30000bp cost,  15.0% error: recovery=100.0%, eff_density=0.8211
2026-08-06 11:10:36,214 - INFO - church             @  30000bp cost,  20.0% error: recovery=100.0%, eff_density=0.8211
2026-08-06 11:10:41,447 - INFO - gcplus             @  30000bp cost,   1.0% error: recovery=100.0%, eff_density=0.3333
2026-08-06 11:10:42,788 - INFO - gcplus             @  30000bp cost,   5.0% error: recovery=100.0%, eff_density=0.3333
2026-08-06 11:10:44,190 - INFO - gcplus             @  30000bp cost,  10.0% error: recovery=100.0%, eff_density=0.3333
2026-08-06 11:10:45,685 - INFO - gcplus             @  30000bp cost,  15.0% error: recovery=100.0%, eff_density=0.3333
2026-08-06 11:10:47,269 - INFO - gcplus             @  30000bp cost,  20.0% error: recovery=100.0%, eff_density=0.3333
2026-08-06 11:10:47,377 - INFO - max_density        @  30000bp cost,   1.0% error: recovery=100.0%, eff_density=1.5918
2026-08-06 11:10:47,420 - INFO - max_density        @  30000bp cost,   5.0% error: recovery=100.0%, eff_density=1.5918
2026-08-06 11:10:47,477 - INFO - max_density        @  30000bp cost,  10.0% error: recovery=100.0%, eff_density=1.5918
2026-08-06 11:10:47,548 - INFO - max_density        @  30000bp cost,  15.0% error: recovery=100.0%, eff_density=1.5918
2026-08-06 11:10:47,633 - INFO - max_density        @  30000bp cost,  20.0% error: recovery=100.0%, eff_density=1.5918
2026-08-06 11:10:47,739 - INFO - no_homopolymer     @  30000bp cost,   1.0% error: recovery=100.0%, eff_density=0.9070
2026-08-06 11:10:47,798 - INFO - no_homopolymer     @  30000bp cost,   5.0% error: recovery=100.0%, eff_density=0.9070
2026-08-06 11:10:47,889 - INFO - no_homopolymer     @  30000bp cost,  10.0% error: recovery=100.0%, eff_density=0.9070
2026-08-06 11:10:48,002 - INFO - no_homopolymer     @  30000bp cost,  15.0% error: recovery=100.0%, eff_density=0.9070
2026-08-06 11:10:48,143 - INFO - no_homopolymer     @  30000bp cost,  20.0% error: recovery=100.0%, eff_density=0.9070
2026-08-06 11:10:48,151 - WARNING - Error tuning wukong at seq_len=275: Encoded data must be a list, got NoneType
2026-08-06 11:10:48,731 - WARNING - Error tuning wukong at seq_len=493: Encoded data must be a list, got NoneType
2026-08-06 11:10:48,737 - WARNING - Error tuning wukong at seq_len=497: Encoded data must be a list, got NoneType
2026-08-06 11:10:48,742 - WARNING - Error tuning wukong at seq_len=499: Encoded data must be a list, got NoneType
2026-08-06 11:10:49,239 - INFO - wukong             @  30000bp cost,   1.0% error: recovery=100.0%, eff_density=1.0400
2026-08-06 11:10:49,528 - INFO - wukong             @  30000bp cost,   5.0% error: recovery=100.0%, eff_density=1.0400
2026-08-06 11:10:49,891 - INFO - wukong             @  30000bp cost,  10.0% error: recovery=100.0%, eff_density=1.0400
2026-08-06 11:10:50,277 - INFO - wukong             @  30000bp cost,  15.0% error: recovery=100.0%, eff_density=1.0400
2026-08-06 11:10:50,686 - INFO - wukong             @  30000bp cost,  20.0% error: recovery=100.0%, eff_density=1.0400
2026-08-06 11:10:52,552 - INFO - yinyang            @  30000bp cost,   1.0% error: recovery=100.0%, eff_density=1.8466
2026-08-06 11:10:53,075 - INFO - yinyang            @  30000bp cost,   5.0% error: recovery=100.0%, eff_density=1.8466
2026-08-06 11:10:53,612 - INFO - yinyang            @  30000bp cost,  10.0% error: recovery=100.0%, eff_density=1.8190
2026-08-06 11:10:54,216 - INFO - yinyang            @  30000bp cost,  15.0% error: recovery=100.0%, eff_density=1.8466
2026-08-06 11:10:54,799 - INFO - yinyang            @  30000bp cost,  20.0% error: recovery=100.0%, eff_density=1.8466
2026-08-06 11:10:55,432 - INFO - goldman            @  50000bp cost,   1.0% error: recovery=100.0%, eff_density=0.4105
2026-08-06 11:10:55,630 - INFO - goldman            @  50000bp cost,   5.0% error: recovery=100.0%, eff_density=0.4105
2026-08-06 11:10:55,892 - INFO - goldman            @  50000bp cost,  10.0% error: recovery=100.0%, eff_density=0.4105
2026-08-06 11:10:56,213 - INFO - goldman            @  50000bp cost,  15.0% error: recovery=100.0%, eff_density=0.4105
2026-08-06 11:10:56,600 - INFO - goldman            @  50000bp cost,  20.0% error: recovery=100.0%, eff_density=0.4105
2026-08-06 11:10:57,214 - INFO - church             @  50000bp cost,   1.0% error: recovery=100.0%, eff_density=0.8211
2026-08-06 11:10:57,390 - INFO - church             @  50000bp cost,   5.0% error: recovery=100.0%, eff_density=0.8211
2026-08-06 11:10:57,581 - INFO - church             @  50000bp cost,  10.0% error: recovery=100.0%, eff_density=0.8211
2026-08-06 11:10:57,828 - INFO - church             @  50000bp cost,  15.0% error: recovery=100.0%, eff_density=0.8211
2026-08-06 11:10:58,081 - INFO - church             @  50000bp cost,  20.0% error: recovery=100.0%, eff_density=0.8211
2026-08-06 11:11:03,271 - INFO - gcplus             @  50000bp cost,   1.0% error: recovery=100.0%, eff_density=0.3333
2026-08-06 11:11:04,605 - INFO - gcplus             @  50000bp cost,   5.0% error: recovery=100.0%, eff_density=0.3333
2026-08-06 11:11:05,971 - INFO - gcplus             @  50000bp cost,  10.0% error: recovery=100.0%, eff_density=0.3333
2026-08-06 11:11:07,458 - INFO - gcplus             @  50000bp cost,  15.0% error: recovery=100.0%, eff_density=0.3333
2026-08-06 11:11:08,994 - INFO - gcplus             @  50000bp cost,  20.0% error: recovery=100.0%, eff_density=0.3333
2026-08-06 11:11:09,086 - INFO - max_density        @  50000bp cost,   1.0% error: recovery=100.0%, eff_density=1.5918
2026-08-06 11:11:09,130 - INFO - max_density        @  50000bp cost,   5.0% error: recovery=100.0%, eff_density=1.5918
2026-08-06 11:11:09,190 - INFO - max_density        @  50000bp cost,  10.0% error: recovery=100.0%, eff_density=1.5918
2026-08-06 11:11:09,267 - INFO - max_density        @  50000bp cost,  15.0% error: recovery=100.0%, eff_density=1.5918
2026-08-06 11:11:09,361 - INFO - max_density        @  50000bp cost,  20.0% error: recovery=100.0%, eff_density=1.5918
2026-08-06 11:11:09,486 - INFO - no_homopolymer     @  50000bp cost,   1.0% error: recovery=100.0%, eff_density=0.9070
2026-08-06 11:11:09,546 - INFO - no_homopolymer     @  50000bp cost,   5.0% error: recovery=100.0%, eff_density=0.9070
2026-08-06 11:11:09,637 - INFO - no_homopolymer     @  50000bp cost,  10.0% error: recovery=100.0%, eff_density=0.9070
2026-08-06 11:11:09,759 - INFO - no_homopolymer     @  50000bp cost,  15.0% error: recovery=100.0%, eff_density=0.9070
2026-08-06 11:11:09,960 - INFO - no_homopolymer     @  50000bp cost,  20.0% error: recovery=100.0%, eff_density=0.9070
2026-08-06 11:11:09,968 - WARNING - Error tuning wukong at seq_len=275: Encoded data must be a list, got NoneType
2026-08-06 11:11:10,498 - WARNING - Error tuning wukong at seq_len=493: Encoded data must be a list, got NoneType
2026-08-06 11:11:10,505 - WARNING - Error tuning wukong at seq_len=497: Encoded data must be a list, got NoneType
2026-08-06 11:11:10,510 - WARNING - Error tuning wukong at seq_len=499: Encoded data must be a list, got NoneType
2026-08-06 11:11:10,974 - INFO - wukong             @  50000bp cost,   1.0% error: recovery=100.0%, eff_density=1.0400
2026-08-06 11:11:11,273 - INFO - wukong             @  50000bp cost,   5.0% error: recovery=100.0%, eff_density=1.0400
2026-08-06 11:11:11,614 - INFO - wukong             @  50000bp cost,  10.0% error: recovery=100.0%, eff_density=1.0400
2026-08-06 11:11:11,986 - INFO - wukong             @  50000bp cost,  15.0% error: recovery=100.0%, eff_density=1.0400
2026-08-06 11:11:12,387 - INFO - wukong             @  50000bp cost,  20.0% error: recovery=100.0%, eff_density=1.0400
2026-08-06 11:11:14,279 - INFO - yinyang            @  50000bp cost,   1.0% error: recovery=100.0%, eff_density=1.8466
2026-08-06 11:11:14,802 - INFO - yinyang            @  50000bp cost,   5.0% error: recovery=100.0%, eff_density=1.8466
2026-08-06 11:11:15,359 - INFO - yinyang            @  50000bp cost,  10.0% error: recovery=100.0%, eff_density=1.8190
2026-08-06 11:11:15,941 - INFO - yinyang            @  50000bp cost,  15.0% error: recovery=100.0%, eff_density=1.8466
2026-08-06 11:11:16,513 - INFO - yinyang            @  50000bp cost,  20.0% error: recovery=100.0%, eff_density=1.8466
